// Jest Snapshot v1, https://goo.gl/fbAQLP

exports[`Pruebas en <AppRouter/> Debe de mostrar el login en caso de no estar autenticado 1`] = `
<div>
  <div
    class="container login-container"
  >
    <div
      class="row"
    >
      <div
        class="col-md-6 login-form-1"
      >
        <h3>
          Sing In
        </h3>
        <form>
          <div
            class="form-group mb-2"
          >
            <input
              class="form-control"
              name="loginEmail"
              placeholder="Email"
              type="text"
              value=""
            />
          </div>
          <div
            class="form-group mb-2"
          >
            <input
              class="form-control"
              name="loginPassword"
              placeholder="Password"
              type="password"
              value=""
            />
          </div>
          <div
            class="form-group mb-2"
          >
            <input
              class="btnSubmit"
              type="submit"
              value="Sing In"
            />
          </div>
        </form>
      </div>
      <div
        class="col-md-6 login-form-2"
      >
        <h3>
          User Register
        </h3>
        <form>
          <div
            class="form-group mb-2"
          >
            <input
              class="form-control"
              name="registerName"
              placeholder="Full Name"
              type="text"
              value=""
            />
          </div>
          <div
            class="form-group mb-2"
          >
            <input
              class="form-control"
              name="registerEmail"
              placeholder="Email"
              type="email"
              value=""
            />
          </div>
          <div
            class="form-group mb-2"
          >
            <input
              class="form-control"
              name="registerPassword"
              placeholder="Password"
              type="password"
              value=""
            />
          </div>
          <div
            class="form-group mb-2"
          >
            <input
              class="form-control"
              name="registerPassword2"
              placeholder="Repeat Password"
              type="password"
              value=""
            />
          </div>
          <div
            class="form-group mb-2"
          >
            <input
              class="btnSubmit"
              type="submit"
              value="Create Count"
            />
          </div>
        </form>
      </div>
    </div>
  </div>
</div>
`;
